---
source: rbx_binary/src/tests/util.rs
expression: decoded_viewed

---
- referent: referent-0
  name: ParticleEmitter
  class: ParticleEmitter
  properties:
    Acceleration:
      Vector3:
        - 0.0
        - 0.0
        - 0.0
    AttributesSerialize:
      BinaryString: ""
    Color:
      ColorSequence:
        Keypoints:
          - Time: 0.0
            Color:
              - 1.0
              - 1.0
              - 1.0
          - Time: 1.0
            Color:
              - 1.0
              - 1.0
              - 1.0
    Drag:
      Float32: 0.0
    EmissionDirection:
      Enum: 1
    Enabled:
      Bool: true
    Lifetime:
      NumberRange:
        - -20.200000762939454
        - 10.100000381469727
    LightEmission:
      Float32: 0.0
    LightInfluence:
      Float32: 1.0
    LockedToPart:
      Bool: false
    Rate:
      Float32: 2.0
    RotSpeed:
      NumberRange:
        - 45.0
        - 46.0
    Rotation:
      NumberRange:
        - -6.659999847412109
        - 6.659999847412109
    Size:
      NumberSequence:
        Keypoints:
          - Time: 0.0
            Value: 1.0
            Envelope: 0.0
          - Time: 0.08036739379167557
            Value: 0.5624997615814209
            Envelope: 0.0
          - Time: 0.12169919162988663
            Value: 1.9374996423721314
            Envelope: 0.0
          - Time: 0.14351320266723634
            Value: 3.75
            Envelope: 0.0
          - Time: 1.0
            Value: 1.0
            Envelope: 0.0
    SourceAssetId:
      Int64: -1
    Speed:
      NumberRange:
        - 2.0
        - 5.0
    SpreadAngle:
      Vector2:
        - 0.0
        - 0.0
    Tags:
      BinaryString: ""
    Texture:
      Content: "rbxasset://textures/particles/sparkles_main.dds"
    Transparency:
      NumberSequence:
        Keypoints:
          - Time: 0.0
            Value: 0.0
            Envelope: 0.0
          - Time: 1.0
            Value: 0.0
            Envelope: 0.0
    VelocityInheritance:
      Float32: 0.0
    ZOffset:
      Float32: 0.0
  children: []
- referent: referent-1
  name: ParticleEmitter
  class: ParticleEmitter
  properties:
    Acceleration:
      Vector3:
        - 0.0
        - 0.0
        - 0.0
    AttributesSerialize:
      BinaryString: ""
    Color:
      ColorSequence:
        Keypoints:
          - Time: 0.0
            Color:
              - 1.0
              - 1.0
              - 1.0
          - Time: 1.0
            Color:
              - 1.0
              - 1.0
              - 1.0
    Drag:
      Float32: 0.0
    EmissionDirection:
      Enum: 1
    Enabled:
      Bool: true
    Lifetime:
      NumberRange:
        - -20.200000762939454
        - 10.100000381469727
    LightEmission:
      Float32: 0.0
    LightInfluence:
      Float32: 1.0
    LockedToPart:
      Bool: false
    Rate:
      Float32: 2.0
    RotSpeed:
      NumberRange:
        - 45.0
        - 46.0
    Rotation:
      NumberRange:
        - -6.659999847412109
        - 6.659999847412109
    Size:
      NumberSequence:
        Keypoints:
          - Time: 0.0
            Value: 1.0
            Envelope: 0.0
          - Time: 0.08036739379167557
            Value: 0.5624997615814209
            Envelope: 0.0
          - Time: 0.12169919162988663
            Value: 1.9374996423721314
            Envelope: 0.0
          - Time: 0.14351320266723634
            Value: 3.75
            Envelope: 0.0
          - Time: 1.0
            Value: 1.0
            Envelope: 0.0
    SourceAssetId:
      Int64: -1
    Speed:
      NumberRange:
        - 2.0
        - 5.0
    SpreadAngle:
      Vector2:
        - 0.0
        - 0.0
    Tags:
      BinaryString: ""
    Texture:
      Content: "rbxasset://textures/particles/sparkles_main.dds"
    Transparency:
      NumberSequence:
        Keypoints:
          - Time: 0.0
            Value: 0.0
            Envelope: 0.0
          - Time: 1.0
            Value: 0.0
            Envelope: 0.0
    VelocityInheritance:
      Float32: 0.0
    ZOffset:
      Float32: 0.0
  children: []

