---
source: rbx_binary/src/tests/util.rs
expression: decoded_viewed

---
- referent: referent-0
  name: Beam
  class: Beam
  properties:
    Attachment0: "null"
    Attachment1: "null"
    AttributesSerialize:
      BinaryString: ""
    Color:
      ColorSequence:
        Keypoints:
          - Time: 0.0
            Color:
              - 1.0
              - 1.0
              - 1.0
          - Time: 0.5
            Color:
              - 0.0
              - 0.0
              - 0.0
          - Time: 1.0
            Color:
              - 1.0
              - 1.0
              - 1.0
    CurveSize0:
      Float32: 0.0
    CurveSize1:
      Float32: 0.0
    Enabled:
      Bool: true
    FaceCamera:
      Bool: false
    LightEmission:
      Float32: 0.0
    LightInfluence:
      Float32: 1.0
    Segments:
      Int32: 10
    SourceAssetId:
      Int64: -1
    Tags:
      BinaryString: ""
    Texture:
      Content: ""
    TextureLength:
      Float32: 1.0
    TextureMode:
      Enum: 0
    TextureSpeed:
      Float32: 1.0
    Transparency:
      NumberSequence:
        Keypoints:
          - Time: 0.0
            Value: 0.5
            Envelope: 0.0
          - Time: 1.0
            Value: 0.5
            Envelope: 0.0
    Width0:
      Float32: 1.0
    Width1:
      Float32: 1.0
    ZOffset:
      Float32: 0.0
  children: []
- referent: referent-1
  name: Beam
  class: Beam
  properties:
    Attachment0: "null"
    Attachment1: "null"
    AttributesSerialize:
      BinaryString: ""
    Color:
      ColorSequence:
        Keypoints:
          - Time: 0.0
            Color:
              - 1.0
              - 1.0
              - 1.0
          - Time: 1.0
            Color:
              - 1.0
              - 1.0
              - 1.0
    CurveSize0:
      Float32: 0.0
    CurveSize1:
      Float32: 0.0
    Enabled:
      Bool: false
    FaceCamera:
      Bool: false
    LightEmission:
      Float32: 0.0
    LightInfluence:
      Float32: 1.0
    Segments:
      Int32: 10
    SourceAssetId:
      Int64: -1
    Tags:
      BinaryString: ""
    Texture:
      Content: ""
    TextureLength:
      Float32: 1.0
    TextureMode:
      Enum: 0
    TextureSpeed:
      Float32: 1.0
    Transparency:
      NumberSequence:
        Keypoints:
          - Time: 0.0
            Value: 0.5
            Envelope: 0.0
          - Time: 1.0
            Value: 0.5
            Envelope: 0.0
    Width0:
      Float32: 1.0
    Width1:
      Float32: 1.0
    ZOffset:
      Float32: 0.0
  children: []
- referent: referent-2
  name: Beam
  class: Beam
  properties:
    Attachment0: "null"
    Attachment1: "null"
    AttributesSerialize:
      BinaryString: ""
    Color:
      ColorSequence:
        Keypoints:
          - Time: 0.0
            Color:
              - 1.0
              - 0.0
              - 0.0
          - Time: 0.5
            Color:
              - 0.0
              - 1.0
              - 0.0
          - Time: 1.0
            Color:
              - 0.0
              - 0.0
              - 1.0
    CurveSize0:
      Float32: 0.0
    CurveSize1:
      Float32: 0.0
    Enabled:
      Bool: true
    FaceCamera:
      Bool: false
    LightEmission:
      Float32: 0.0
    LightInfluence:
      Float32: 1.0
    Segments:
      Int32: 10
    SourceAssetId:
      Int64: -1
    Tags:
      BinaryString: ""
    Texture:
      Content: ""
    TextureLength:
      Float32: 1.0
    TextureMode:
      Enum: 0
    TextureSpeed:
      Float32: 1.0
    Transparency:
      NumberSequence:
        Keypoints:
          - Time: 0.0
            Value: 0.5
            Envelope: 0.0
          - Time: 1.0
            Value: 0.5
            Envelope: 0.0
    Width0:
      Float32: 1.0
    Width1:
      Float32: 1.0
    ZOffset:
      Float32: 0.0
  children: []

