---
source: rbx_binary/src/tests/util.rs
expression: decoded_viewed
---
- referent: referent-0
  name: "{1, 2, 3}, {-4, -5, -6}"
  class: RayValue
  properties:
    AttributesSerialize:
      Type: BinaryString
      Value: ""
    SourceAssetId:
      Type: Int64
      Value: -1
    Tags:
      Type: BinaryString
      Value: ""
    Value:
      Type: Ray
      Value:
        Origin:
          - 1.0
          - 2.0
          - 3.0
        Direction:
          - -4.0
          - -5.0
          - -6.0
  children: []
- referent: referent-1
  name: "{inf, -inf, nan}, {0.5, 0.15625, 0.1}"
  class: RayValue
  properties:
    AttributesSerialize:
      Type: BinaryString
      Value: ""
    SourceAssetId:
      Type: Int64
      Value: -1
    Tags:
      Type: BinaryString
      Value: ""
    Value:
      Type: Ray
      Value:
        Origin:
          - .inf
          - -.inf
          - .nan
        Direction:
          - 0.5
          - 0.15625
          - 0.10000000149011612
  children: []
