---
source: rbx_binary/src/tests/util.rs
expression: decoded_viewed

---
- referent: referent-0
  name: Brush your teeth
  class: Part
  properties:
    Anchored:
      Bool: false
    AttributesSerialize:
      BinaryString: ""
    BackParamA:
      Float32: -0.5
    BackParamB:
      Float32: 0.5
    BackSurface:
      Enum: 0
    BackSurfaceInput:
      Enum: 0
    BottomParamA:
      Float32: -0.5
    BottomParamB:
      Float32: 0.5
    BottomSurface:
      Enum: 0
    BottomSurfaceInput:
      Enum: 0
    CFrame:
      CFrame:
        Position:
          - -5.5
          - 4.0
          - -12.5
        Orientation:
          - - 1.0
            - 0.0
            - 0.0
          - - 0.0
            - 1.0
            - 0.0
          - - 0.0
            - 0.0
            - 1.0
    CanCollide:
      Bool: true
    CastShadow:
      Bool: true
    CollisionGroupId:
      Int32: 0
    Color:
      Color3uint8:
        - 0
        - 255
        - 255
    CustomPhysicalProperties:
      PhysicalProperties: Default
    FormFactor:
      Enum: 1
    FrontParamA:
      Float32: -0.5
    FrontParamB:
      Float32: 0.5
    FrontSurface:
      Enum: 0
    FrontSurfaceInput:
      Enum: 0
    LeftParamA:
      Float32: -0.5
    LeftParamB:
      Float32: 0.5
    LeftSurface:
      Enum: 0
    LeftSurfaceInput:
      Enum: 0
    Locked:
      Bool: false
    Massless:
      Bool: false
    Material:
      Enum: 256
    Reflectance:
      Float32: 0.0
    RightParamA:
      Float32: -0.5
    RightParamB:
      Float32: 0.5
    RightSurface:
      Enum: 0
    RightSurfaceInput:
      Enum: 0
    RootPriority:
      Int32: 0
    RotVelocity:
      Vector3:
        - 0.0
        - 0.0
        - 0.0
    Shape:
      Enum: 1
    Size:
      Vector3:
        - 1.0
        - 2.0
        - 3.0
    SourceAssetId:
      Int64: -1
    Tags:
      BinaryString: ""
    TopParamA:
      Float32: -0.5
    TopParamB:
      Float32: 0.5
    TopSurface:
      Enum: 0
    TopSurfaceInput:
      Enum: 0
    Transparency:
      Float32: 0.0
    Velocity:
      Vector3:
        - 0.0
        - 0.0
        - 0.0
  children: []
- referent: referent-1
  name: Eat your greens
  class: Part
  properties:
    Anchored:
      Bool: false
    AttributesSerialize:
      BinaryString: ""
    BackParamA:
      Float32: -0.5
    BackParamB:
      Float32: 0.5
    BackSurface:
      Enum: 0
    BackSurfaceInput:
      Enum: 0
    BottomParamA:
      Float32: -0.5
    BottomParamB:
      Float32: 0.5
    BottomSurface:
      Enum: 0
    BottomSurfaceInput:
      Enum: 0
    CFrame:
      CFrame:
        Position:
          - -11.5
          - -0.4999929964542389
          - -17.5
        Orientation:
          - - 1.0
            - 0.0
            - 0.0
          - - 0.0
            - 1.0
            - 0.0
          - - 0.0
            - 0.0
            - 1.0
    CanCollide:
      Bool: true
    CastShadow:
      Bool: true
    CollisionGroupId:
      Int32: 0
    Color:
      Color3uint8:
        - 44
        - 101
        - 29
    CustomPhysicalProperties:
      PhysicalProperties:
        Density: 0.699999988079071
        Friction: 0.30000001192092898
        Elasticity: 0.5
        FrictionWeight: 1.0
        ElasticityWeight: 1.0
    FormFactor:
      Enum: 1
    FrontParamA:
      Float32: -0.5
    FrontParamB:
      Float32: 0.5
    FrontSurface:
      Enum: 0
    FrontSurfaceInput:
      Enum: 0
    LeftParamA:
      Float32: -0.5
    LeftParamB:
      Float32: 0.5
    LeftSurface:
      Enum: 0
    LeftSurfaceInput:
      Enum: 0
    Locked:
      Bool: false
    Massless:
      Bool: false
    Material:
      Enum: 256
    Reflectance:
      Float32: 0.0
    RightParamA:
      Float32: -0.5
    RightParamB:
      Float32: 0.5
    RightSurface:
      Enum: 0
    RightSurfaceInput:
      Enum: 0
    RootPriority:
      Int32: 0
    RotVelocity:
      Vector3:
        - 0.0
        - 0.0
        - 0.0
    Shape:
      Enum: 1
    Size:
      Vector3:
        - 4.0
        - 5.0
        - 6.0
    SourceAssetId:
      Int64: -1
    Tags:
      BinaryString: ""
    TopParamA:
      Float32: -0.5
    TopParamB:
      Float32: 0.5
    TopSurface:
      Enum: 0
    TopSurfaceInput:
      Enum: 0
    Transparency:
      Float32: 0.0
    Velocity:
      Vector3:
        - 0.0
        - 0.0
        - 0.0
  children: []
- referent: referent-2
  name: Live wildly
  class: Part
  properties:
    Anchored:
      Bool: false
    AttributesSerialize:
      BinaryString: ""
    BackParamA:
      Float32: -0.5
    BackParamB:
      Float32: 0.5
    BackSurface:
      Enum: 0
    BackSurfaceInput:
      Enum: 0
    BottomParamA:
      Float32: -0.5
    BottomParamB:
      Float32: 0.5
    BottomSurface:
      Enum: 0
    BottomSurfaceInput:
      Enum: 0
    CFrame:
      CFrame:
        Position:
          - 5.5
          - 8.5
          - -25.5
        Orientation:
          - - 1.0
            - 0.0
            - 0.0
          - - 0.0
            - 1.0
            - 0.0
          - - 0.0
            - 0.0
            - 1.0
    CanCollide:
      Bool: true
    CastShadow:
      Bool: true
    CollisionGroupId:
      Int32: 0
    Color:
      Color3uint8:
        - 255
        - 0
        - 191
    CustomPhysicalProperties:
      PhysicalProperties:
        Density: 90.66000366210938
        Friction: 1.440000057220459
        Elasticity: 0.6499999761581421
        FrictionWeight: 50.5
        ElasticityWeight: 40.5
    FormFactor:
      Enum: 1
    FrontParamA:
      Float32: -0.5
    FrontParamB:
      Float32: 0.5
    FrontSurface:
      Enum: 0
    FrontSurfaceInput:
      Enum: 0
    LeftParamA:
      Float32: -0.5
    LeftParamB:
      Float32: 0.5
    LeftSurface:
      Enum: 0
    LeftSurfaceInput:
      Enum: 0
    Locked:
      Bool: false
    Massless:
      Bool: false
    Material:
      Enum: 256
    Reflectance:
      Float32: 0.0
    RightParamA:
      Float32: -0.5
    RightParamB:
      Float32: 0.5
    RightSurface:
      Enum: 0
    RightSurfaceInput:
      Enum: 0
    RootPriority:
      Int32: 0
    RotVelocity:
      Vector3:
        - 0.0
        - 0.0
        - 0.0
    Shape:
      Enum: 1
    Size:
      Vector3:
        - 7.0
        - 8.0
        - 9.0
    SourceAssetId:
      Int64: -1
    Tags:
      BinaryString: ""
    TopParamA:
      Float32: -0.5
    TopParamB:
      Float32: 0.5
    TopSurface:
      Enum: 0
    TopSurfaceInput:
      Enum: 0
    Transparency:
      Float32: 0.0
    Velocity:
      Vector3:
        - 0.0
        - 0.0
        - 0.0
  children: []

