---
source: rbx_binary/src/tests/util.rs
expression: decoded_viewed
---
- referent: referent-0
  name: Value
  class: ObjectValue
  properties:
    AttributesSerialize:
      Type: BinaryString
      Value: ""
    Tags:
      Type: BinaryString
      Value: ""
    Value: referent-1
  children:
    - referent: referent-1
      name: Ref Target
      class: Folder
      properties:
        AttributesSerialize:
          Type: BinaryString
          Value: ""
        Tags:
          Type: BinaryString
          Value: ""
      children: []
