---
source: rbx_binary/src/tests/text_deserializer.rs
expression: decoded
---
num_types: 1
num_instances: 3
chunks:
  - Meta:
      entries:
        - - ExplicitAutoJoints
          - "true"
  - Inst:
      type_id: 0
      type_name: Folder
      object_format: 0
      referents:
        - 0
        - 1
        - 2
  - Prop:
      type_id: 0
      prop_name: AttributesSerialize
      prop_type: 1
      remaining: AAAAAAAAAAAAAAAA
  - Prop:
      type_id: 0
      prop_name: Name
      prop_type: 1
      remaining: CwAAAEdyYW5kcGFyZW50BgAAAFBhcmVudAUAAABDaGlsZA==
  - Prop:
      type_id: 0
      prop_name: Tags
      prop_type: 1
      remaining: AAAAAAAAAAAAAAAA
  - Prnt:
      version: 0
      links:
        - - 2
          - 1
        - - 1
          - 0
        - - 0
          - -1
  - End
