---
source: rbx_binary/src/tests/util.rs
expression: decoded_viewed
---
- referent: referent-0
  name: Folder
  class: Folder
  properties:
    AttributesSerialize:
      Type: BinaryString
      Value: ""
    Tags:
      Type: BinaryString
      Value: ""
  children: []
